// Jest Snapshot v1, https://goo.gl/fbAQLP

exports[`<App /> component matches snapshot 1`] = `
<div>
  <p>
    Hello, World
  </p>
</div>
`;
